[backblue.gif]
[fade.gif]
[index.html]
[www.google-analytics.com/analytics.js]
[www.southpackers.com/js/jquery.min.js]
[www.southpackers.com/js/jquery.migrate.js]
[www.southpackers.com/js/jquery.bxslider.min.js]
[www.southpackers.com/js/bootstrap.min.js]
[www.southpackers.com/js/jquery.imagesloaded.min.js]
[www.southpackers.com/js/jquery.magnific-popup.min.js]
[www.southpackers.com/js/jquery.isotope.min.js]
[www.southpackers.com/js/waypoint.min.js]
[www.southpackers.com/js/retina-1.1.0.min.js]
[www.southpackers.com/js/jquery.themepunch.tools.min.js]
[www.southpackers.com/js/jquery.themepunch.revolution.min.js]
[www.southpackers.com/js/extensions/revolution.extension.actions.min.js]
[www.southpackers.com/js/extensions/revolution.extension.carousel.min.js]
[www.southpackers.com/js/extensions/revolution.extension.kenburn.min.js]
[www.southpackers.com/js/extensions/revolution.extension.layeranimation.min.js]
[www.southpackers.com/js/extensions/revolution.extension.migration.min.js]
[www.southpackers.com/js/extensions/revolution.extension.navigation.min.js]
[www.southpackers.com/js/extensions/revolution.extension.parallax.min.js]
[www.southpackers.com/js/extensions/revolution.extension.slideanims.min.js]
[www.southpackers.com/js/extensions/revolution.extension.video.min.js]
[www.southpackers.com/js/script.js]
[www.southpackers.com/img/callbutton.png]
[www.southpackers.com/img/whatsappbutton.png]
[www.southpackers.com/images/logo.png]
[www.southpackers.com/upload/slide/1.jpg]
[www.southpackers.com/upload/slide/2.jpg]
[www.southpackers.com/upload/slide/3.jpg]
[www.southpackers.com/upload/slide/4.jpg]
[www.southpackers.com/upload/slide/5.jpg]
[www.southpackers.com/upload/others/build1.jpg]
[www.southpackers.com/upload/others/build2.jpg]
[www.southpackers.com/upload/others/build3.jpg]
[www.southpackers.com/upload/others/4.jpg]
[www.southpackers.com/upload/others/6.jpg]
[www.southpackers.com/upload/others/5.jpg]
[www.southpackers.com/upload/others/2.jpg]
[www.southpackers.com/upload/projects/1.jpg]
[www.southpackers.com/upload/projects/2.jpg]
[www.southpackers.com/upload/projects/3.jpg]
[www.southpackers.com/upload/projects/4.jpg]
[www.southpackers.com/upload/projects/5.jpg]
[www.southpackers.com/upload/projects/21.jpg]
[www.southpackers.com/upload/projects/22.jpg]
[www.southpackers.com/upload/projects/23.jpg]
[www.southpackers.com/upload/projects/24.jpg]
[www.southpackers.com/upload/projects/25.jpg]
[www.southpackers.com/upload/projects/20.jpg]
[www.southpackers.com/index.html]
[www.southpackers.com/maxcdn.bootstrapcdn.com/font-awesome/4.4.0/css/font-awesome.min.html]
[www.southpackers.com/css/bootstrap.min.css]
[www.southpackers.com/css/fonts/fontawesome-webfontba72ba72.eot]
[www.southpackers.com/css/fonts/fontawesome-webfontd41dd41d.eot]
[www.southpackers.com/css/fonts/fontawesome-webfontba72ba72.woff]
[www.southpackers.com/css/fonts/fontawesome-webfontba72ba72.ttf]
[www.southpackers.com/css/font-awesome.css]
[www.southpackers.com/images/bx_loader.gif]
[www.southpackers.com/css/jquery.bxslider.css]
[www.southpackers.com/css/magnific-popup.css]
[www.southpackers.com/fonts/revicons/revicons90c690c6.eot]
[www.southpackers.com/fonts/revicons/revicons90c690c6.woff]
[www.southpackers.com/fonts/revicons/revicons90c690c6.ttf]
[www.southpackers.com/css/settings.css]
[www.southpackers.com/css/layers.css]
[www.southpackers.com/css/navigation.css]
[www.southpackers.com/upload/banners/1.jpg]
[www.southpackers.com/upload/banners/ban.jpg]
[www.southpackers.com/upload/banners/error.jpg]
[www.southpackers.com/css/style.css]
[www.southpackers.com/tel/MS_9.html]
[www.southpackers.com/index-2.html]
[www.southpackers.com/js/plugins-scroll.js]
[www.southpackers.com/about.html]
[www.southpackers.com/upload/others/p1.jpg]
[www.southpackers.com/upload/others/p2.jpg]
[www.southpackers.com/packing_and_unpacking.html]
[www.southpackers.com/upload/others/l1.jpg]
[www.southpackers.com/upload/others/l2.jpg]
[www.southpackers.com/loading_and_unloading.html]
[www.southpackers.com/upload/others/h1.jpg]
[www.southpackers.com/upload/others/h2.jpg]
[www.southpackers.com/householder_and_officeshifting.html]
[www.southpackers.com/upload/others/pe1.jpg]
[www.southpackers.com/upload/others/pe2.jpg]
[www.southpackers.com/pet_moving_services.html]
[www.southpackers.com/upload/others/r1.jpg]
[www.southpackers.com/upload/others/r2.jpg]
[www.southpackers.com/relocation_ervices.html]
[www.southpackers.com/upload/projects/6.jpg]
[www.southpackers.com/upload/projects/7.jpg]
[www.southpackers.com/upload/projects/8.jpg]
[www.southpackers.com/upload/projects/9.jpg]
[www.southpackers.com/upload/projects/10.jpg]
[www.southpackers.com/upload/projects/11.jpg]
[www.southpackers.com/upload/projects/12.jpg]
[www.southpackers.com/client.html]
[www.southpackers.com/js/gmap3.min.js]
[www.southpackers.com/feedback.html]
[www.southpackers.com/sitemap.html]
[www.southpackers.com/contact.html]
[www.southpackers.com/movers_and_packers_in_patel_nagar.html]
[www.southpackers.com/movers_and_packers_in_moti_nagar.html]
[www.southpackers.com/movers_and_packers_in_tagore_garden.html]
[www.southpackers.com/movers_and_packers_in_subhash_nagar.html]
[www.southpackers.com/movers_and_packers_in_rajouri_garden.html]
[www.southpackers.com/movers_and_packers_in_narayana.html]
[www.southpackers.com/movers_and_packers_in_punjabi_bagh.html]
[www.southpackers.com/movers_and_packers in_dwarka.html]
[www.southpackers.com/movers_and_packers_in_janakpuri.html]
[www.southpackers.com/movers_and_packers_in_ramesh_nagar.html]
[www.southpackers.com/movers_and_packers_in_kirti_nagar.html]
[www.southpackers.com/delhi_to_lucknow_packers_and_movers.html]
[www.southpackers.com/movers_and_packers_in_karampura.html]
[www.southpackers.com/movers_and_packers_in_tilak_nagar.html]
[www.southpackers.com/movers_and_packers_in_hari_nagar.html]
[www.southpackers.com/movers_and_packers_in_mayur_vihar.html]
[www.southpackers.com/movers_and_packers_in_sarita_vihar.html]
[www.southpackers.com/movers_and_packers_in_anand_vihar.html]
[www.southpackers.com/movers_and _packers_in_gita_colony.html]
[www.southpackers.com/movers_and_packers_in_patparganj.html]
[www.southpackers.com/movers_and_packers_in_preet_vihar.html]
[www.southpackers.com/movers_and_packers_in_nirman_vihar.html]
[www.southpackers.com/movers_and_packers_in_dilshad_garden.html]
[www.southpackers.com/movers_and_packers_in_shastri_nagar.html]
[www.southpackers.com/movers_and_packers_in_lakshmi_nagar.html]
[www.southpackers.com/movers_and_packers_in_sakarpur.html]
[www.southpackers.com/delhi_to_punjab_packers_and_movers.html]
[www.southpackers.com/packers_and_movers_in_east_delhi.html]
[www.southpackers.com/movers_and_packers_in_kalyan_puri.html]
[www.southpackers.com/movers_and_packers_in_madhu_vihar.html]
[www.southpackers.com/movers_and_packers_in_gulabi_bagh.html]
[www.southpackers.com/movers_and_packers_in_anand_parbat.html]
[www.southpackers.com/delhi_to_chennai_packers_and_movers.html]
[www.southpackers.com/delhi_to_kolkata_packers_and_movers.html]
[www.southpackers.com/delhi_to_guwahati_packers_and_movers.html]
[www.southpackers.com/delhi_to_rachi_packers_and_movers.html]
[www.southpackers.com/ghaziabad_to_banglore_packers_and_movers.html]
[www.southpackers.com/delhi_to_pune_packers_and_movers.html]
[www.southpackers.com/movers_and_packers_in_nehru_vihar.html]
[www.southpackers.com/movers_and_packers_in_shakti_nagar.html]
[www.southpackers.com/delhi_to_assam_packers_and_movers.html]
[www.southpackers.com/movers_and_packers_in_pratap_nagar.html]
[www.southpackers.com/movers_and_packers_in_pul_bungash.html]
[www.southpackers.com/movers_and_packers_in_timarpur.html]
[www.southpackers.com/movers_and_packers_in_lajpat_nagar.html]
[www.southpackers.com/movers_and_packers_in_hauz_khas .html]
[www.southpackers.com/movers_and_packers_in_greater_kailash.html]
[www.southpackers.com/movers_and_packers_in_nehru_place.html]
[www.southpackers.com/movers_and_packers_in_okhla.html]
[www.southpackers.com/movers_and_packers_in_malviya_nagar.html]
[www.southpackers.com/movers-and_packers_in_kalkaji.html]
[www.southpackers.com/movers_and_packers_in_defence_colony.html]
[www.southpackers.com/movers_and_packers_in_south_extension.html]
[www.southpackers.com/movers_and_packers_in_east_of_kailash.html]
[www.southpackers.com/movers_and_packers_in_govindpuri.html]
[www.southpackers.com/movers_and_packers_in_jamia_nagar.html]
[www.southpackers.com/packers_and_movers_in_south_delhi.html]
[www.southpackers.com/movers_and_packers_in_sangam_vihar.html]
[www.southpackers.com/movers_and_packers_in_badarpur.html]
[www.southpackers.com/packers_and_movers_in_delhi.html]
[www.southpackers.com/packers_and_movers_in_faridabad.html]
[www.southpackers.com/packers_and_movers_in_ghaziabad.html]
[www.southpackers.com/movers_and_packers_in_mangla_puri.html]
[www.southpackers.com/packers_and_movers_in_gurgaon.html]
[www.southpackers.com/packers_and_movers_in_indirapuram.html]
[www.southpackers.com/packers_and_movers_in_karnal.html]
[www.southpackers.com/movers_and_packers_in_jhilmil.html]
[www.southpackers.com/packers_and_movers_in_noida.html]
[www.southpackers.com/packers_and_movers_in_rohini.html]
[www.southpackers.com/movers_and_packers_in_agra.html]
[www.southpackers.com/movers_and_packers_in_vasundhara.html]
[www.southpackers.com/movers_and_packers_in_rajendra_place.html]
[www.southpackers.com/movers_and_packers_in_alwar.html]
[www.southpackers.com/movers_and_packers_in_rohtak.html]
[www.southpackers.com/movers_and_packers_in_chandi_nagar.html]
[www.southpackers.com/movers_and_packers_in_shalimar_garden.html]
[www.southpackers.com/movers_and_packers_in_rajender_nagar.html]
[www.southpackers.com/movers_and_packers_in_mundka.html]
[www.southpackers.com/delhi_to_bangalore_packers_and_movers.html]
[www.southpackers.com/movers_and_packers_in_vaishali.html]
[www.southpackers.com/movers_and_packers_in_greater_noida.html]
[www.southpackers.com/movers_and_packers_in_haridwar.html]
[www.southpackers.com/movers_and_packers_in_jaipur.html]
[www.southpackers.com/movers_and_packers_in_ashram.html]
[suspended.hostgator.com/js/simple-expand.min.js]
[suspended.hostgator.com/images/404top.jpg]
[suspended.hostgator.com/images/404mid.gif]
[suspended.hostgator.com/images/404bottom.gif]
[suspended.hostgator.com/images/gatorbottom.png]
[suspended.hostgator.com/images/x.png]
[code.jquery.com/jquery-1.9.1.js]
[www.southpackers.com/fonts/glyphicons-halflings-regular.html]
[www.southpackers.com/fonts/glyphicons-halflings-regulard41dd41d.html]
[www.southpackers.com/fonts/glyphicons-halflings-regular-2.html]
[www.southpackers.com/fonts/glyphicons-halflings-regular-3.html]
[www.southpackers.com/fonts/glyphicons-halflings-regular-4.html]
[www.southpackers.com/css/fonts/fontawesome-webfontba72ba72.svg]
[www.southpackers.com/css/images/controls.html]
[www.southpackers.com/fonts/revicons/revicons90c690c6.svg]
[www.southpackers.com/css/openhand.html]
[www.southpackers.com/css/closedhand.html]
[www.southpackers.com/assets/gridtile.html]
[www.southpackers.com/assets/gridtile_white.html]
[www.southpackers.com/assets/gridtile_3x3.html]
[www.southpackers.com/assets/gridtile_3x3_white.html]
[www.southpackers.com/assets/coloredbg.html]
[www.southpackers.com/assets/loader.html]
[www.southpackers.com/maxcdn.bootstrapcdn.com/font-awesome/4.2.0/css/font-awesome.min.html]
[www.southpackers.com/css/animate.css]
[www.southpackers.com/blog.html]
